// Jest Snapshot v1, https://goo.gl/fbAQLP

exports[`(Container) DogBreed renders DogsBreedView component 1`] = `
<div
  key="0-"
>
  <Image
    alt=""
    className="dogs-image"
    src=""
  />
  <Icon
    alt="white heart icon"
    className="heart-icon"
    icon="whiteHeartIcon"
    onClick={[Function]}
  />
</div>
`;
