// Jest Snapshot v1, https://goo.gl/fbAQLP

exports[`(View) LoadMoreView renders LoadMoreView component 1`] = `
<div
  className="d-flex justify-content-center mt-3"
>
  <Button
    className="load-more-button"
    onClick={[Function]}
    size="sm"
    theme="primary"
    type="button"
  >
    Load More
  </Button>
</div>
`;
