// Jest Snapshot v1, https://goo.gl/fbAQLP

exports[`(Component) Core renders without crashing 1`] = `
<div
  className="container-fluid"
  id="app-content"
>
  <Switch>
    <Route
      component={
        Object {
          "$$typeof": Symbol(react.memo),
          "WrappedComponent": [Function],
          "compare": null,
          "displayName": "Connect(DogsContainer)",
          "type": [Function],
        }
      }
      exact={true}
      path="/"
    />
    <Route
      component={[Function]}
    />
  </Switch>
</div>
`;
