// Jest Snapshot v1, https://goo.gl/fbAQLP

exports[`(Container) DogsBreedContainer renders DogsBreedView component 1`] = `
<DogsBreedView
  dogs={Array []}
  handleClickFavorite={[Function]}
/>
`;

exports[`(Container) DogsBreedContainer renders the loader component if isLoading it true 1`] = `
<Loader
  className="mt-4"
  size="sm"
/>
`;
